// Jest Snapshot v1, https://goo.gl/fbAQLP

exports[`NodeService should return blocks 1`] = `
Array [
  Object {
    "attributes": Object {},
    "id": "testId",
    "type": "block",
  },
]
`;
